### mwcceppc.exe Compiler:
#      In: include\game\bases\d_bc.hpp
#    From: scratch\round30\d_bg_ctr\calc_both.cpp
# -----------------------------------------------
#     135:     void setRideOnObjBg(dBg_ctr_c *, const mVec3_c &); 
#   Error:                         ^^^^^^^^^
#   (10140) undefined identifier 'dBg_ctr_c'
#   (included from:
#       C:\Users\Razz\Documents\Projects\NSMBW-
#   Decomp\include\game\bases\d_actor.hpp:7
#       C:\Users\Razz\Documents\Projects\NSMBW-
#   Decomp\include\game\bases\d_bg_ctr.hpp:3
#       C:\Users\Razz\Documents\Projects\NSMBW-
#   Decomp\scratch\round30\d_bg_ctr\calc_both.cpp:6)
### mwcceppc.exe Compiler:
#     136:     bool checkWallPlayer(const mVec3_c *, const mVec3_c *, float *); 
#   Error:     ^^^^
#   (10567) declaration specifier conflict: illegal 'bool' sequence
#   (included from:
#       C:\Users\Razz\Documents\Projects\NSMBW-
#   Decomp\include\game\bases\d_actor.hpp:7
#       C:\Users\Razz\Documents\Projects\NSMBW-
#   Decomp\include\game\bases\d_bg_ctr.hpp:3
#       C:\Users\Razz\Documents\Projects\NSMBW-
#   Decomp\scratch\round30\d_bg_ctr\calc_both.cpp:6)
### mwcceppc.exe Compiler:
#     146:     u32 getFlags() const { return mFlags; } 
#   Error:                          ^
#   (10384) illegal use of const/volatile function qualifier sequence
#   (included from:
#       C:\Users\Razz\Documents\Projects\NSMBW-
#   Decomp\include\game\bases\d_actor.hpp:7
#       C:\Users\Razz\Documents\Projects\NSMBW-
#   Decomp\include\game\bases\d_bg_ctr.hpp:3
#       C:\Users\Razz\Documents\Projects\NSMBW-
#   Decomp\scratch\round30\d_bg_ctr\calc_both.cpp:6)
### mwcceppc.exe Compiler:
#     148:     u32 isWallR() { return mFlags & FLAG_WALL_R; } 
#   Error:                            ^^^^^^
#   (10140) undefined identifier 'mFlags'
#   (included from:
#       C:\Users\Razz\Documents\Projects\NSMBW-
#   Decomp\include\game\bases\d_actor.hpp:7
#       C:\Users\Razz\Documents\Projects\NSMBW-
#   Decomp\include\game\bases\d_bg_ctr.hpp:3
#       C:\Users\Razz\Documents\Projects\NSMBW-
#   Decomp\scratch\round30\d_bg_ctr\calc_both.cpp:6)
### mwcceppc.exe Compiler:
#     149:     u32 isWallL()  { return mFlags & FLAG_WALL_L; } 
#   Error:                             ^^^^^^
#   (10140) undefined identifier 'mFlags'
#   (included from:
#       C:\Users\Razz\Documents\Projects\NSMBW-
#   Decomp\include\game\bases\d_actor.hpp:7
#       C:\Users\Razz\Documents\Projects\NSMBW-
#   Decomp\include\game\bases\d_bg_ctr.hpp:3
#       C:\Users\Razz\Documents\Projects\NSMBW-
#   Decomp\scratch\round30\d_bg_ctr\calc_both.cpp:6)
### mwcceppc.exe Compiler:
#     150:     u32 isWall() { return mFlags & (FLAG_WALL_R | FLAG_WALL_L); } 
#   Error:                           ^^^^^^
#   (10140) undefined identifier 'mFlags'
#   (included from:
#       C:\Users\Razz\Documents\Projects\NSMBW-
#   Decomp\include\game\bases\d_actor.hpp:7
#       C:\Users\Razz\Documents\Projects\NSMBW-
#   Decomp\include\game\bases\d_bg_ctr.hpp:3
#       C:\Users\Razz\Documents\Projects\NSMBW-
#   Decomp\scratch\round30\d_bg_ctr\calc_both.cpp:6)
### mwcceppc.exe Compiler:
#     151:     u32 isWall(u8 dir) { return mFlags & (FLAG_WALL_R << dir); } 
#   Error:                                 ^^^^^^
#   (10140) undefined identifier 'mFlags'
#   (included from:
#       C:\Users\Razz\Documents\Projects\NSMBW-
#   Decomp\include\game\bases\d_actor.hpp:7
#       C:\Users\Razz\Documents\Projects\NSMBW-
#   Decomp\include\game\bases\d_bg_ctr.hpp:3
#       C:\Users\Razz\Documents\Projects\NSMBW-
#   Decomp\scratch\round30\d_bg_ctr\calc_both.cpp:6)
### mwcceppc.exe Compiler:
#     153:     u32 isHead() { return mFlags & FLAG_HEAD; } 
#   Error:                           ^^^^^^
#   (10140) undefined identifier 'mFlags'
#   (included from:
#       C:\Users\Razz\Documents\Projects\NSMBW-
#   Decomp\include\game\bases\d_actor.hpp:7
#       C:\Users\Razz\Documents\Projects\NSMBW-
#   Decomp\include\game\bases\d_bg_ctr.hpp:3
#       C:\Users\Razz\Documents\Projects\NSMBW-
#   Decomp\scratch\round30\d_bg_ctr\calc_both.cpp:6)
### mwcceppc.exe Compiler:
#     154:     u32 isCollision() { return mFlags & (FLAG_WALL_L | FLAG_WALL_R | FLAG_FOOT | FLAG_HEAD); } 
#   Error:                                ^^^^^^
#   (10140) undefined identifier 'mFlags'
#   (included from:
#       C:\Users\Razz\Documents\Projects\NSMBW-
#   Decomp\include\game\bases\d_actor.hpp:7
#       C:\Users\Razz\Documents\Projects\NSMBW-
#   Decomp\include\game\bases\d_bg_ctr.hpp:3
#       C:\Users\Razz\Documents\Projects\NSMBW-
#   Decomp\scratch\round30\d_bg_ctr\calc_both.cpp:6)
### mwcceppc.exe Compiler:
#     207:     static WATER_TYPE_e checkWater(float, float, u8, float *); 
# Warning:            ^^^^^^^^^^^^
#   (10349) implicit 'int' is no longer supported in C++
#   (included from:
#       C:\Users\Razz\Documents\Projects\NSMBW-
#   Decomp\include\game\bases\d_actor.hpp:7
#       C:\Users\Razz\Documents\Projects\NSMBW-
#   Decomp\include\game\bases\d_bg_ctr.hpp:3
#       C:\Users\Razz\Documents\Projects\NSMBW-
#   Decomp\scratch\round30\d_bg_ctr\calc_both.cpp:6)
### mwcceppc.exe Compiler:
#     207:     static WATER_TYPE_e checkWater(float, float, u8, float *); 
#   Error:                         ^^^^^^^^^^
#   (10123) ';' expected
#   (included from:
#       C:\Users\Razz\Documents\Projects\NSMBW-
#   Decomp\include\game\bases\d_actor.hpp:7
#       C:\Users\Razz\Documents\Projects\NSMBW-
#   Decomp\include\game\bases\d_bg_ctr.hpp:3
#       C:\Users\Razz\Documents\Projects\NSMBW-
#   Decomp\scratch\round30\d_bg_ctr\calc_both.cpp:6)
### mwcceppc.exe Compiler:
#     221: }; 
#   Error: ^
#   (10121) declaration syntax error
#   (included from:
#       C:\Users\Razz\Documents\Projects\NSMBW-
#   Decomp\include\game\bases\d_actor.hpp:7
#       C:\Users\Razz\Documents\Projects\NSMBW-
#   Decomp\include\game\bases\d_bg_ctr.hpp:3
#       C:\Users\Razz\Documents\Projects\NSMBW-
#   Decomp\scratch\round30\d_bg_ctr\calc_both.cpp:6)
### mwcceppc.exe Compiler:
#      In: include\game\bases\d_bg_ctr.hpp
# ----------------------------------------
#      28: class dBg_ctr_c {  
#   Error:                 ^
#   (10332) typename redefined
### mwcceppc.exe Compiler:
#    File: scratch\round30\d_bg_ctr\calc_both.cpp
# -----------------------------------------------
#      32: dBg_ctr_c *dBg_ctr_c::mEntryN;  
#   Error:            ^^^^^^^^^
#   (10121) declaration syntax error
### mwcceppc.exe Compiler:
#      33: dBg_ctr_c *dBg_ctr_c::mEntryB;  
#   Error:            ^^^^^^^^^
#   (10121) declaration syntax error
### mwcceppc.exe Compiler:
#      34: dActor_c *dBg_ctr_c::mGroupCtrlActor;  
#   Error:           ^^^^^^^^^
#   (10121) declaration syntax error
### mwcceppc.exe Compiler:
#      35: int dBg_ctr_c::mGroupCtrlNo;  
#   Error:     ^^^^^^^^^
#   (10121) declaration syntax error
### mwcceppc.exe Compiler:
#      54: dBg_ctr_c::dBg_ctr_c() : mScratch() {  
#   Error: ^^^^^^^^^
#   (10121) declaration syntax error
### mwcceppc.exe Compiler:
#      58: dBg_ctr_c::~dBg_ctr_c() {  
#   Error: ^^^^^^^^^
#   (10121) declaration syntax error
### mwcceppc.exe Compiler:
#      62: void dBg_ctr_c::reset() {  
#   Error:      ^^^^^^^^^
#   (10121) declaration syntax error
### mwcceppc.exe Compiler:
#      69: void dBg_ctr_c::init() {  
#   Error:      ^^^^^^^^^
#   (10121) declaration syntax error
### mwcceppc.exe Compiler:
#      89: void dBg_ctr_c::entry() {  
#   Error:      ^^^^^^^^^
#   (10121) declaration syntax error
### mwcceppc.exe Compiler:
#     105: void dBg_ctr_c::release() {  
#   Error:      ^^^^^^^^^
#   (10121) declaration syntax error
### mwcceppc.exe Compiler:
#     124: void dBg_ctr_c::set_common(dActor_c *actor, CallbackF *f, CallbackH *h,  
#   Error:      ^^^^^^^^^
#   (10121) declaration syntax error
### mwcceppc.exe Compiler:
#     146: void dBg_ctr_c::set(dActor_c *actor, float f1, float f2, float f3, float f4,  
#   Error:      ^^^^^^^^^
#   (10121) declaration syntax error
### mwcceppc.exe Compiler:
#     155: void dBg_ctr_c::set(dActor_c *actor, mVec2_c v1, mVec2_c v2, CallbackF *f,  
#   Error:      ^^^^^^^^^
#   (10121) declaration syntax error
### mwcceppc.exe Compiler:
#     160: void dBg_ctr_c::set(dActor_c *actor, const sBgSetInfo *info, u8 a, u8 b,  
#   Error:      ^^^^^^^^^
#   (10121) declaration syntax error
### mwcceppc.exe Compiler:
#     171: void dBg_ctr_c::set_circle(dActor_c *actor, float x, float y, float r,  
#   Error:      ^^^^^^^^^
#   (10121) declaration syntax error
### mwcceppc.exe Compiler:
#     182: void dBg_ctr_c::setOfs(float f1, float f2, float f3, float f4, mVec3_c *pos) {  
#   Error:      ^^^^^^^^^
#   (10121) declaration syntax error
### mwcceppc.exe Compiler:
#     194: void dBg_ctr_c::setOfs(mVec2_c v1, mVec2_c v2, mVec3_c *pos) {  
#   Error:      ^^^^^^^^^
#   (10121) declaration syntax error
### mwcceppc.exe Compiler:
#     198: void dBg_ctr_c::setOfsX1(float f) {  
#   Error:      ^^^^^^^^^
#   (10121) declaration syntax error
### mwcceppc.exe Compiler:
#     206: void dBg_ctr_c::setOfsY1(float f) {  
#   Error:      ^^^^^^^^^
#   (10121) declaration syntax error
### mwcceppc.exe Compiler:
#     214: void dBg_ctr_c::setOfsX2(float f) {  
#   Error:      ^^^^^^^^^
#   (10121) declaration syntax error
### mwcceppc.exe Compiler:
#     218: void dBg_ctr_c::setOfsY2(float f) {  
#   Error:      ^^^^^^^^^
#   (10121) declaration syntax error
### mwcceppc.exe Compiler:
#     222: void dBg_ctr_c::setAngleY3(short *rot) {  
#   Error:      ^^^^^^^^^
#   (10121) declaration syntax error
### mwcceppc.exe Compiler:
#     232: void dBg_ctr_c::update() {  
#   Error:      ^^^^^^^^^
#   (10121) declaration syntax error
### mwcceppc.exe Compiler:
#     252: void dBg_ctr_c::updateObjBg() {  
#   Error:      ^^^^^^^^^
#   (10121) declaration syntax error
### mwcceppc.exe Compiler:
#     258: bool dBg_ctr_c::setLinkNetPlayer(dBc_c *player) {  
#   Error:      ^^^^^^^^^
#   (10121) declaration syntax error
### mwcceppc.exe Compiler:
#     273: dBc_c *dBg_ctr_c::getLinkNetPlayer(signed char no) {  
#   Error:        ^^^^^^^^^
#   (10121) declaration syntax error
### mwcceppc.exe Compiler:
#     283: bool dBg_ctr_c::setLinkWallSlidPlayer(dBc_c *player) {  
#   Error:      ^^^^^^^^^
#   (10121) declaration syntax error
### mwcceppc.exe Compiler:
#     300: bool dBg_ctr_c::upperRevCheck(dActor_c *other) {  
#   Error:      ^^^^^^^^^
#   (10121) declaration syntax error
### mwcceppc.exe Compiler:
#     310: bool dBg_ctr_c::underRevCheck(dActor_c *other) {  
#   Error:      ^^^^^^^^^
#   (10121) declaration syntax error
### mwcceppc.exe Compiler:
#     320: bool dBg_ctr_c::sideRevCheck(dActor_c *other, u8 dir) {  
#   Error:      ^^^^^^^^^
#   (10121) declaration syntax error
### mwcceppc.exe Compiler:
#     330: bool dBg_ctr_c::CheckRevUpperSpeed(dActor_c *a, dActor_c *b) {  
#   Error:      ^^^^^^^^^
#   (10121) declaration syntax error
### mwcceppc.exe Compiler:
#     335: bool dBg_ctr_c::CheckRevUnderSpeed(dActor_c *a, dActor_c *b) {  
#   Error:      ^^^^^^^^^
#   (10121) declaration syntax error
### mwcceppc.exe Compiler:
#     340: bool dBg_ctr_c::CheckRevSideSpeed(dActor_c *a, dActor_c *b, u8 dir) {  
#   Error:      ^^^^^^^^^
#   (10121) declaration syntax error
### mwcceppc.exe Compiler:
#     354: bool dBg_ctr_c::fn_80080880(f32 f1, f32 f2, f32 f3) {  
#   Error:      ^^^^^^^^^
#   (10121) declaration syntax error
### mwcceppc.exe Compiler:
#     361:     int idx = ((u32)*mRotation >> 14) & 3;  
#   Error:                      ^^^^^^^^^
#   (10140) undefined identifier 'mRotation'
### mwcceppc.exe Compiler:
#     363:     if (f3 + mScratch[lbl_802EFBC0[idx]].x < f1) {  
#   Error:     ^^
#   (10121) declaration syntax error
### mwcceppc.exe Compiler:
#     366:     return !(f3 + mScratch[lbl_802EFBD0[idx]].x > f2);  
#   Error:     ^^^^^^
#   (10121) declaration syntax error
### mwcceppc.exe Compiler:
#     367: }  
#   Error: ^
#   (10121) declaration syntax error
### mwcceppc.exe Compiler:
#     377:     if (!(ctr->mFlags & 0x40000000)) {  
#   Error:                ^^^^^^
#   (10141) expression syntax error
### mwcceppc.exe Compiler:
#     388:     if (ctr->m_c2 != 0) {  
#   Error:              ^^^^
#   (10141) expression syntax error
### mwcceppc.exe Compiler:
#     397:   s16 angle = (s16)(nw4r::math::Atan2Idx(src->y, src->x) + ctr->m_c2);  
#   Error:                                                                 ^^^^
#   (10141) expression syntax error
### mwcceppc.exe Compiler:
#     424: void dBg_ctr_c::revisePos() {  
#   Error:      ^^^^^^^^^
#   (10121) declaration syntax error
### mwcceppc.exe Compiler:
#     427:     f32 f0 = rawF32(this, 0x9C);  
#   Error:                     ^^^^
#   (10189) illegal use of 'this'
### mwcceppc.exe Compiler:
#     428:     f32 f1 = rawF32(actor, 0xB4);  
#   Error:                     ^^^^^
#   (10140) undefined identifier 'actor'
### mwcceppc.exe Compiler:
#     429:     f32 f3 = rawF32(actor, 0xB0);  
#   Error:                     ^^^^^
#   (10140) undefined identifier 'actor'
### mwcceppc.exe Compiler:
#     431:     f32 f2 = rawF32(this, 0x98);  
#   Error:                     ^^^^
#   (10189) illegal use of 'this'
### mwcceppc.exe Compiler:
#     432:     f1 = rawF32(actor, 0xAC);  
#   Error:     ^^
#   (10140) undefined identifier 'f1'
### mwcceppc.exe Compiler:
#     432:     f1 = rawF32(actor, 0xAC);  
#   Error:        ^
#   (10563) identifier 'f1' redeclared as 'int'
### mwcceppc.exe Compiler:
#     428:     f32 f1 = rawF32(actor, 0xB4);  
#   Error:            ^
#   (10564) identifier 'f1' was originally declared as 'float'
### mwcceppc.exe Compiler:
#     433:     f0 = rawF32(this, 0x94);  
#   Error:     ^^
#   (10140) undefined identifier 'f0'
### mwcceppc.exe Compiler:
#     433:     f0 = rawF32(this, 0x94);  
#   Error:        ^
#   (10563) identifier 'f0' redeclared as 'int'
### mwcceppc.exe Compiler:
#     427:     f32 f0 = rawF32(this, 0x9C);  
#   Error:            ^
#   (10564) identifier 'f0' was originally declared as 'float'
### mwcceppc.exe Compiler:
#     434:     f2 = f3 - f2;  
#   Error:     ^^
#   (10140) undefined identifier 'f2'
### mwcceppc.exe Compiler:
#     434:     f2 = f3 - f2;  
#   Error:        ^
#   (10563) identifier 'f2' redeclared as 'int'
### mwcceppc.exe Compiler:
#     431:     f32 f2 = rawF32(this, 0x98);  
#   Error:            ^
#   (10564) identifier 'f2' was originally declared as 'float'
### mwcceppc.exe Compiler:
#     435:     f1 = f1 - f0;  
#   Error:     ^^
#   (10140) undefined identifier 'f1'
### mwcceppc.exe Compiler:
#     435:     f1 = f1 - f0;  
#   Error:        ^
#   (10563) identifier 'f1' redeclared as 'int'
### mwcceppc.exe Compiler:
#     428:     f32 f1 = rawF32(actor, 0xB4);  
#   Error:            ^
#   (10564) identifier 'f1' was originally declared as 'float'
### mwcceppc.exe Compiler:
#     438:     delta.y = f2;  
#   Error:     ^^^^^
#   (10140) undefined identifier 'delta'
### mwcceppc.exe Compiler:
#     438:     delta.y = f2;  
#   Error:          ^
#   (10563) identifier 'delta' redeclared as 'int'
### mwcceppc.exe Compiler:
#     437:     mVec3_c delta;  
#   Error:                  ^
#   (10564) identifier 'delta' was originally declared as 'mVec3_c'
### mwcceppc.exe Compiler:
#     439:     delta.x = f1;  
#   Error:     ^^^^^
#   (10140) undefined identifier 'delta'
### mwcceppc.exe Compiler:
#     439:     delta.x = f1;  
#   Error:          ^
#   (10563) identifier 'delta' redeclared as 'int'
### mwcceppc.exe Compiler:
#     437:     mVec3_c delta;  
#   Error:                  ^
#   (10564) identifier 'delta' was originally declared as 'mVec3_c'
### mwcceppc.exe Compiler:
#     440:     delta.z = f4;  
#   Error:     ^^^^^
#   (10140) undefined identifier 'delta'
### mwcceppc.exe Compiler:
#     440:     delta.z = f4;  
#   Error:          ^
#   (10563) identifier 'delta' redeclared as 'int'
### mwcceppc.exe Compiler:
#     437:     mVec3_c delta;  
#   Error:                  ^
#   (10564) identifier 'delta' was originally declared as 'mVec3_c'
### mwcceppc.exe Compiler:
#     442:     delta.x += m_ac.x;  
#   Error:     ^^^^^
#   (10140) undefined identifier 'delta'
### mwcceppc.exe Compiler:
#     442:     delta.x += m_ac.x;  
#   Error:          ^
#   (10563) identifier 'delta' redeclared as 'int'
### mwcceppc.exe Compiler:
#     437:     mVec3_c delta;  
#   Error:                  ^
#   (10564) identifier 'delta' was originally declared as 'mVec3_c'
### mwcceppc.exe Compiler:
#     443:     delta.y += m_ac.y;  
#   Error:     ^^^^^
#   (10140) undefined identifier 'delta'
### mwcceppc.exe Compiler:
#     443:     delta.y += m_ac.y;  
#   Error:          ^
#   (10563) identifier 'delta' redeclared as 'int'
### mwcceppc.exe Compiler:
#     437:     mVec3_c delta;  
#   Error:                  ^
#   (10564) identifier 'delta' was originally declared as 'mVec3_c'
### mwcceppc.exe Compiler:
#     445:     for (u8 *node = (u8 *)m_0c; node != nullptr; node = *(u8 **)(node + 0x6C)) {  
#   Error:     ^^^
#   (10121) declaration syntax error
### mwcceppc.exe Compiler:
#     449:     for (int i = 0; i < 4; i++) {  
#   Error:     ^^^
#   (10121) declaration syntax error
### mwcceppc.exe Compiler:
#     456:     for (int i = 0; i < 4; i++) {  
#   Error:     ^^^
#   (10121) declaration syntax error
### mwcceppc.exe Compiler:
#     463:     m_ac.x = 0.0f;  
#   Error:     ^^^^
#   (10140) undefined identifier 'm_ac'
### mwcceppc.exe Compiler:
#     464:     m_ac.y = 0.0f;  
#   Error:         ^
#   (10121) declaration syntax error
### mwcceppc.exe Compiler:
#     465: }  
#   Error: ^
#   (10121) declaration syntax error
### mwcceppc.exe Compiler:
#     469: void dBg_ctr_c::calc() {  
#   Error:      ^^^^^^^^^
#   (10121) declaration syntax error
### mwcceppc.exe Compiler:
#     472:     mVec3_c centerPos = mpActor->getCenterPos();  
#   Error:                         ^^^^^^^
#   (10140) undefined identifier 'mpActor'
### mwcceppc.exe Compiler:
#     473:     dScStage_c::getLoopPosX(centerPos.x);  
#   Error:                             ^^^^^^^^^
#   (10140) undefined identifier 'centerPos'
### mwcceppc.exe Compiler:
#     473:     dScStage_c::getLoopPosX(centerPos.x);  
#   Error:                                        ^
#   (10563) identifier 'dScStage_c::getLoopPosX(float)' redeclared as 'int 
#   (int)'
### mwcceppc.exe Compiler:
#      In: include\game\bases\d_s_stage.hpp
# -----------------------------------------
#      69:     static float getLoopPosX(float x); 
#   Error:                                      ^
#   (10564) identifier 'dScStage_c::getLoopPosX(float)' was originally 
#   declared as 'float (float)'
### mwcceppc.exe Compiler:
#    File: scratch\round30\d_bg_ctr\calc_both.cpp
# -----------------------------------------------
#     475:     mPos.x = centerPos.x;  
#   Error:     ^^^^
#   (10140) undefined identifier 'mPos'
### mwcceppc.exe Compiler:
#     476:     mPos.y = centerPos.y;  
#   Error:         ^
#   (10121) declaration syntax error
### mwcceppc.exe Compiler:
#     478:     s16 rot = *mRotation;  
#   Error:                ^^^^^^^^^
#   (10140) undefined identifier 'mRotation'
### mwcceppc.exe Compiler:
#     479:     s16 diff = rot - m_c0;  
#   Error:                      ^^^^
#   (10140) undefined identifier 'm_c0'
### mwcceppc.exe Compiler:
#     480:     m_c2 = diff;  
#   Error:     ^^^^
#   (10140) undefined identifier 'm_c2'
### mwcceppc.exe Compiler:
#     481:     m_c4 = diff;  
#   Error:     ^^^^
#   (10140) undefined identifier 'm_c4'
### mwcceppc.exe Compiler:
#     483:     m_a8 = m_a0;  
#   Error:     ^^^^
#   (10140) undefined identifier 'm_a8'
### mwcceppc.exe Compiler:
#     485:     if (mMode == 1) {  
#   Error:     ^^
#   (10121) declaration syntax error
### mwcceppc.exe Compiler:
#     489:         m_a0 = mPos;  
#   Error:         ^^^^
#   (10140) undefined identifier 'm_a0'
### mwcceppc.exe Compiler:
#     490:     } else {  
#   Error:     ^
#   (10115) ')' expected
### mwcceppc.exe Compiler:
#     494:         f32 cx = mCenter.x;  
#   Error:                  ^^^^^^^
#   (10140) undefined identifier 'mCenter'
### mwcceppc.exe Compiler:
#     495:         f32 cy = mCenter.y;  
#   Error:                  ^^^^^^^
#   (10140) undefined identifier 'mCenter'
### mwcceppc.exe Compiler:
#     496:         f32 ox = mOffset2.x;  
#   Error:                  ^^^^^^^^
#   (10140) undefined identifier 'mOffset2'
### mwcceppc.exe Compiler:
#     497:         f32 oy = mOffset2.y;  
#   Error:                  ^^^^^^^^
#   (10140) undefined identifier 'mOffset2'
### mwcceppc.exe Compiler:
#     498:         f32 px = mPos.x;  
#   Error:                      ^
#   (10114) '(' expected
### mwcceppc.exe Compiler:
#     499:         f32 py = mPos.y;  
#   Error:                      ^
#   (10114) '(' expected
### mwcceppc.exe Compiler:
#     501:         f32 cxc = cx * cos;  
#   Error:                           ^
#   (10377) illegal operands 'float' * 'extern "C" double (*)(double)'
### mwcceppc.exe Compiler:
#     502:         f32 cyc = cy * cos;  
#   Error:                           ^
#   (10377) illegal operands 'float' * 'extern "C" double (*)(double)'
### mwcceppc.exe Compiler:
#     503:         f32 cys = cy * sin;  
#   Error:                           ^
#   (10377) illegal operands 'float' * 'extern "C" double (*)(double)'
### mwcceppc.exe Compiler:
#     504:         f32 oxc = ox * cos;  
#   Error:                           ^
#   (10377) illegal operands 'float' * 'extern "C" double (*)(double)'
### mwcceppc.exe Compiler:
#     505:         f32 oxs = ox * sin;  
#   Error:                           ^
#   (10377) illegal operands 'float' * 'extern "C" double (*)(double)'
### mwcceppc.exe Compiler:
#     506:         f32 oyc = oy * cos;  
#   Error:                           ^
#   (10377) illegal operands 'float' * 'extern "C" double (*)(double)'
### mwcceppc.exe Compiler:
#     507:         f32 oys = oy * sin;  
#   Error:                           ^
#   (10377) illegal operands 'float' * 'extern "C" double (*)(double)'
### mwcceppc.exe Compiler:
#     509:         mScratch[0].x = px + (cxc - cys);  
#   Error:         ^^^^^^^^
#   (10140) undefined identifier 'mScratch'
### mwcceppc.exe Compiler:
#     510:         f32 corner0Y = cyc + cx * sin;  
#   Error:                                      ^
#   (10377) illegal operands 'float' * 'extern "C" double (*)(double)'
### mwcceppc.exe Compiler:
#     511:         mScratch[0].y = py + corner0Y;  
#   Error:                   ^
#   (10124) illegal constant expression
### mwcceppc.exe Compiler:
#     513:         mScratch[1].x = px + (cxc - oys);  
#   Error:                    ^
#   (10121) declaration syntax error
### mwcceppc.exe Compiler:
#     514:         f32 corner1Y = oyc + cx * sin;  
#   Error:                                      ^
#   (10377) illegal operands 'float' * 'extern "C" double (*)(double)'
### mwcceppc.exe Compiler:
#     515:         mScratch[1].y = py + corner1Y;  
#   Error:                    ^
#   (10121) declaration syntax error
### mwcceppc.exe Compiler:
#     517:         mScratch[2].x = px + (oxc - oys);  
#   Error:                    ^
#   (10121) declaration syntax error
### mwcceppc.exe Compiler:
#     518:         mScratch[2].y = py + (oyc + oxs);  
#   Error:                    ^
#   (10121) declaration syntax error
### mwcceppc.exe Compiler:
#     520:         mScratch[3].x = px + (oxc - cys);  
#   Error:                    ^
#   (10121) declaration syntax error
### mwcceppc.exe Compiler:
#     521:         mScratch[3].y = py + (cyc + oxs);  
#   Error:                    ^
#   (10121) declaration syntax error
### mwcceppc.exe Compiler:
#     523:         m_a0.x = (mScratch[0].x + mScratch[2].x) * 0.5f;  
#   Error:             ^
#   (10121) declaration syntax error
### mwcceppc.exe Compiler:
#     524:         m_a0.y = (mScratch[0].y + mScratch[2].y) * 0.5f;  
#   Error:             ^
#   (10121) declaration syntax error
### mwcceppc.exe Compiler:
#     525:     }  
#   Error:     ^
#   (10121) declaration syntax error
### mwcceppc.exe Compiler:
#     527:     *(f32 *)((u8 *)this + 0x94) = *(const f32 *)((const u8 *)mpActor + 0xAC);  
#   Error:     ^
#   (10121) declaration syntax error
### mwcceppc.exe Compiler:
#     528:     *(f32 *)((u8 *)this + 0x98) = *(const f32 *)((const u8 *)mpActor + 0xB0);  
#   Error:     ^
#   (10121) declaration syntax error
### mwcceppc.exe Compiler:
#     529:     *(f32 *)((u8 *)this + 0x9C) = *(const f32 *)((const u8 *)mpActor + 0xB4);  
#   Error:     ^
#   (10121) declaration syntax error
### mwcceppc.exe Compiler:
#     531:     revisePos();  
#   Error:     ^^^^^^^^^
#   (10140) undefined identifier 'revisePos'
### mwcceppc.exe Compiler:
#     533:     m_c0 = rot;  
#   Error:     ^^^^
#   (10140) undefined identifier 'm_c0'
### mwcceppc.exe Compiler:
#     534: }  
#   Error: ^
#   (10121) declaration syntax error
### mwcceppc.exe Compiler:
#     538: void dBg_ctr_c::addDokanMoveDiff(mVec3_c *out) {  
#   Error:      ^^^^^^^^^
#   (10121) declaration syntax error
### mwcceppc.exe Compiler:
#     541:     f32 dx = out->x - mPos.x;  
#   Error:              ^^^
#   (10140) undefined identifier 'out'
### mwcceppc.exe Compiler:
#     542:     f32 dy = out->y - mPos.y;  
#   Error:              ^^^
#   (10140) undefined identifier 'out'
### mwcceppc.exe Compiler:
#     548:     f32 cos = nw4r::math::CosIdx(angle);  
#   Error:             ^
#   (10563) identifier 'cos(double)' redeclared as 'float'
### mwcceppc.exe Compiler:
#      In: include\lib\MSL\internal\fdlibm_public.h
# -------------------------------------------------
#      15: double cos(double x); 
#   Error:                     ^
#   (10564) identifier 'cos(double)' was originally declared as 'extern "C" 
#   double (double)'
### mwcceppc.exe Compiler:
#    File: scratch\round30\d_bg_ctr\calc_both.cpp
# -----------------------------------------------
#     549:     f32 sin = nw4r::math::SinIdx(angle);  
#   Error:             ^
#   (10563) identifier 'sin(double)' redeclared as 'float'
### mwcceppc.exe Compiler:
#      In: include\lib\MSL\internal\fdlibm_public.h
# -------------------------------------------------
#      20: double sin(double x); 
#   Error:                     ^
#   (10564) identifier 'sin(double)' was originally declared as 'extern "C" 
#   double (double)'
### mwcceppc.exe Compiler:
#    File: scratch\round30\d_bg_ctr\calc_both.cpp
# -----------------------------------------------
#     551:     f32 corrected_dx = len * cos - dx;  
#   Error:                                  ^
#   (10377) illegal operands 'float' * 'extern "C" double (*)(double)'
### mwcceppc.exe Compiler:
#     552:     f32 corrected_dy = len * sin - dy;  
#   Error:                                  ^
#   (10377) illegal operands 'float' * 'extern "C" double (*)(double)'
### mwcceppc.exe Compiler:
#     554:     out->x = dScStage_c::getLoopPosX(mPos.x + len * nw4r::math::CosIdx(angle));  
#   Error:     ^^^
#   (10140) undefined identifier 'out'
### mwcceppc.exe Compiler:
#     555:     out->y = mPos.y + len * nw4r::math::SinIdx(angle);  
#   Error:        ^^
#   (10121) declaration syntax error
### mwcceppc.exe Compiler:
#     556: }  
#   Error: ^
#   (10121) declaration syntax error
### mwcceppc.exe Compiler:
#     560: bool dBg_ctr_c::fn_80080E40(dBc_c *bc, u8 dir, u8 idx) {  
#   Error:      ^^^^^^^^^
#   (10121) declaration syntax error
### mwcceppc.exe Compiler:
#     565:     if (!(*(const u8 *)((const u8 *)bc + 0xE5) & m_dd)) {  
#   Error:     ^^
#   (10121) declaration syntax error
### mwcceppc.exe Compiler:
#     569:     if (bc->mpOwner == mpActor) {  
#   Error:     ^^
#   (10121) declaration syntax error
### mwcceppc.exe Compiler:
#     572:     if (bc->mpOwner == (dActor_c *)m_38) {  
#   Error:     ^^
#   (10121) declaration syntax error
### mwcceppc.exe Compiler:
#     576:     if (bc->mpNoHitActor == mpActor) {  
#   Error:     ^^
#   (10121) declaration syntax error
### mwcceppc.exe Compiler:
#     580:     u8 *typePtr = *(u8 **)((const u8 *)bc + 0xE8);  
#   Error:                                        ^^
#   (10140) undefined identifier 'bc'
### mwcceppc.exe Compiler:
#     581:     if (*typePtr != m_de) {  
#   Error:     ^^
#   (10121) declaration syntax error
### mwcceppc.exe Compiler:
#     585:     if (mFlags & lbl_802EFBE0[idx]) {  
#   Error:     ^^
#   (10121) declaration syntax error
### mwcceppc.exe Compiler:
#     589:     u32 kind = getActorKind(bc);  
#   Error:                             ^^
#   (10140) undefined identifier 'bc'
### mwcceppc.exe Compiler:
#     590:     if (kind == 1 || kind == 2) {  
#   Error:     ^^
#   (10121) declaration syntax error
### mwcceppc.exe Compiler:
#     594:     } else {  
#   Error:            ^
#   (10121) declaration syntax error
### mwcceppc.exe Compiler:
#     600:     switch (mFlags2) {  
#   Error:     ^^^^^^
#   (10121) declaration syntax error
### mwcceppc.exe Compiler:
#     623:     if ((mFlags & (1 << 11)) && (dir & (1 << 10))) {  
#   Error:     ^^
#   (10121) declaration syntax error
### mwcceppc.exe Compiler:
#     626:     if ((mFlags & (1 << 12)) && (dir & (1 << 11))) {  
#   Error:     ^^
#   (10121) declaration syntax error
### mwcceppc.exe Compiler:
#     630:     return true;  
#   Error:     ^^^^^^
#   (10121) declaration syntax error
### mwcceppc.exe Compiler:
#     631: }  
#   Error: ^
#   (10121) declaration syntax error
### mwcceppc.exe Compiler:
#     635: bool dBg_ctr_c::fn_80080900(mVec3_c *segment, short *angleOut, int flags) {  
#   Error:      ^^^^^^^^^
#   (10121) declaration syntax error
### mwcceppc.exe Compiler:
#     640:     if (mMode == 1) {  
#   Error:     ^^
#   (10121) declaration syntax error
### mwcceppc.exe Compiler:
#     650:         if (!nw4r::math::IntersectionSegment3Sphere(  
#   Error:         ^^
#   (10121) declaration syntax error
### mwcceppc.exe Compiler:
#     657:             segment[1].x - segment[0].x,  
#   Error:             ^^^^^^^
#   (10140) undefined identifier 'segment'
### mwcceppc.exe Compiler:
#     658:             segment[1].y - segment[0].y,  
#   Error:             ^^^^^^^
#   (10140) undefined identifier 'segment'
### mwcceppc.exe Compiler:
#     659:             segment[1].z - segment[0].z);  
#   Error:             ^^^^^^^
#   (10140) undefined identifier 'segment'
### mwcceppc.exe Compiler:
#     661:         segment[1].x = segment[0].x + dir.x * t;  
#   Error:         ^^^^^^^
#   (10140) undefined identifier 'segment'
### mwcceppc.exe Compiler:
#     662:         segment[1].y = segment[0].y + dir.y * t;  
#   Error:                   ^
#   (10121) declaration syntax error
### mwcceppc.exe Compiler:
#     663:         segment[1].z = segment[0].z + dir.z * t;  
#   Error:                   ^
#   (10121) declaration syntax error
### mwcceppc.exe Compiler:
#     665:         if (angleOut) {  
#   Error:         ^^
#   (10121) declaration syntax error
### mwcceppc.exe Compiler:
#     671:             *angleOut = cM::atan2s(toHit.x, -toHit.y) + 0x8000;  
#   Error:             ^
#   (10121) declaration syntax error
### mwcceppc.exe Compiler:
#     672:         }  
#   Error:         ^
#   (10121) declaration syntax error
### mwcceppc.exe Compiler:
#     674:         return true;  
#   Error:         ^^^^^^
#   (10121) declaration syntax error
### mwcceppc.exe Compiler:
#     675:     }  
#   Error:     ^
#   (10121) declaration syntax error
### mwcceppc.exe Compiler:
#     678:     mVec3_c *seg = segment;  
#   Error:                           ^
#   (10114) '(' expected
### mwcceppc.exe Compiler:
#     679:     short *angle = angleOut;  
#   Error:                            ^
#   (10115) ')' expected
### mwcceppc.exe Compiler:
#     680:     int flg = flags;  
#   Error:               ^^^^^
#   (10140) undefined identifier 'flags'
### mwcceppc.exe Compiler:
#     689:     for (int i = 0; i < 4; i++) {  
#   Error:     ^^^
#   (10121) declaration syntax error
### mwcceppc.exe Compiler:
#     695:     if (segStartX != segEndX) {  
#   Error:     ^^
#   (10121) declaration syntax error
### mwcceppc.exe Compiler:
#     701:     if (flg == 1) {  
#   Error:     ^^
#   (10121) declaration syntax error
### mwcceppc.exe Compiler:
#     705:         if (seg[0].y < seg[1].y) {  
#   Error:         ^^
#   (10121) declaration syntax error
### mwcceppc.exe Compiler:
#     709:         cornerA = base;  
#   Error:         ^^^^^^^
#   (10140) undefined identifier 'cornerA'
### mwcceppc.exe Compiler:
#     710:         cornerB = (base - 1) & 3;  
#   Error:         ^^^^^^^
#   (10140) undefined identifier 'cornerB'
### mwcceppc.exe Compiler:
#     711:     }  
#   Error:     ^
#   (10121) declaration syntax error
### mwcceppc.exe Compiler:
#     719:     for (int i = 0; i < 4; i++) {  
#   Error:     ^^^
#   (10121) declaration syntax error
### mwcceppc.exe Compiler:
#     727:         int next = (i + 1) & 3;  
#   Error:                     ^
#   (10140) undefined identifier 'i'
### mwcceppc.exe Compiler:
#     728:         edgeSeg.start = pCorners[i];  
#   Error:         ^^^^^^^
#   (10140) undefined identifier 'edgeSeg'
### mwcceppc.exe Compiler:
#     728:         edgeSeg.start = pCorners[i];  
#   Error:                ^
#   (10563) identifier 'edgeSeg' redeclared as 'int'
### mwcceppc.exe Compiler:
#     714:     nw4r::math::SEGMENT3 edgeSeg;  
#   Error:                                 ^
#   (10564) identifier 'edgeSeg' was originally declared as 
#   'nw4r::math::SEGMENT3'
### mwcceppc.exe Compiler:
#     729:         edgeSeg.end = pCorners[next];  
#   Error:         ^^^^^^^
#   (10140) undefined identifier 'edgeSeg'
### mwcceppc.exe Compiler:
#     729:         edgeSeg.end = pCorners[next];  
#   Error:                ^
#   (10563) identifier 'edgeSeg' redeclared as 'int'
### mwcceppc.exe Compiler:
#     714:     nw4r::math::SEGMENT3 edgeSeg;  
#   Error:                                 ^
#   (10564) identifier 'edgeSeg' was originally declared as 
#   'nw4r::math::SEGMENT3'
### mwcceppc.exe Compiler:
#     735:         if (d >= 0.0f) {  
#   Error:         ^^
#   (10121) declaration syntax error
### mwcceppc.exe Compiler:
#     739:         f32 t = *retDistSq;  
#   Error:               ^
#   (10329) data object 't' redefined
### mwcceppc.exe Compiler:
#     741:         mVec3_c dir(  
#   Error:                    ^
#   (10329) data object 'dir' redefined
### mwcceppc.exe Compiler:
#     746:         seg[1].x = seg[0].x + dir.x * t;  
#   Error:         ^^^
#   (10140) undefined identifier 'seg'
### mwcceppc.exe Compiler:
#     746:         seg[1].x = seg[0].x + dir.x * t;  
#   Error:               ^
#   (10563) identifier 'seg' redeclared as 'int[1]'
### mwcceppc.exe Compiler:
#     678:     mVec3_c *seg = segment;  
#   Error:                  ^
#   (10564) identifier 'seg' was originally declared as 'mVec3_c *'
### mwcceppc.exe Compiler:
#     747:         seg[1].y = seg[0].y + dir.y * t;  
#   Error:         ^^^
#   (10140) undefined identifier 'seg'
### mwcceppc.exe Compiler:
#     747:         seg[1].y = seg[0].y + dir.y * t;  
#   Error:               ^
#   (10563) identifier 'seg' redeclared as 'int[1]'
### mwcceppc.exe Compiler:
#     678:     mVec3_c *seg = segment;  
#   Error:                  ^
#   (10564) identifier 'seg' was originally declared as 'mVec3_c *'
### mwcceppc.exe Compiler:
#     748:         seg[1].z = seg[0].z + dir.z * t;  
#   Error:         ^^^
#   (10140) undefined identifier 'seg'
### mwcceppc.exe Compiler:
#     748:         seg[1].z = seg[0].z + dir.z * t;  
#   Error:               ^
#   (10563) identifier 'seg' redeclared as 'int[1]'
### mwcceppc.exe Compiler:
#     678:     mVec3_c *seg = segment;  
#   Error:                  ^
#   (10564) identifier 'seg' was originally declared as 'mVec3_c *'
### mwcceppc.exe Compiler:
#     750:         if (angle) {  
#   Error:         ^^
#   (10121) declaration syntax error
### mwcceppc.exe Compiler:
#     754:             *angle = cM::atan2s(edgeDirX, -edgeDirY) + 0x4000;  
#   Error:             ^
#   (10121) declaration syntax error
### mwcceppc.exe Compiler:
#     754:             *angle = cM::atan2s(edgeDirX, -edgeDirY) + 0x4000;  
#   Error:                    ^
#   (10563) identifier 'angle' redeclared as 'int *'
### mwcceppc.exe Compiler:
#     546:     s16 angle = (s16)(nw4r::math::Atan2Idx(dy, dx) + m_c4);  
#   Error:               ^
#   (10564) identifier 'angle' was originally declared as 'short'
### mwcceppc.exe Compiler:
#     755:         }  
#   Error:         ^
#   (10121) declaration syntax error
### mwcceppc.exe Compiler:
#     757:         found = 1;  
#   Error:         ^^^^^
#   (10140) undefined identifier 'found'
### mwcceppc.exe Compiler:
#     758:     }  
#   Error:     ^
#   (10121) declaration syntax error
### mwcceppc.exe Compiler:
#     760:     return found != 0;  
#   Error:     ^^^^^^
#   (10121) declaration syntax error
### mwcceppc.exe Compiler:
#     761: }  
#   Error: ^
#   (10121) declaration syntax error
### mwcceppc.exe Compiler:
#     765: bool dBg_ctr_c::fn_80080670(mVec3_c *pos, float f1) {  
#   Error:      ^^^^^^^^^
#   (10121) declaration syntax error
### mwcceppc.exe Compiler:
#     770:     if (mMode == 1) {  
#   Error:     ^^
#   (10121) declaration syntax error
### mwcceppc.exe Compiler:
#     774:         Vec diff;  
#   Error:                 ^
#   (10563) identifier 'diff' redeclared as 'Vec'
### mwcceppc.exe Compiler:
#     479:     s16 diff = rot - m_c0;  
#   Error:              ^
#   (10564) identifier 'diff' was originally declared as 'short'
### mwcceppc.exe Compiler:
#     775:         diff.x = cx - pos->x;  
#   Error:         ^^^^
#   (10140) undefined identifier 'diff'
### mwcceppc.exe Compiler:
#     775:         diff.x = cx - pos->x;  
#   Error:             ^
#   (10563) identifier 'diff' redeclared as 'int'
### mwcceppc.exe Compiler:
#     479:     s16 diff = rot - m_c0;  
#   Error:              ^
#   (10564) identifier 'diff' was originally declared as 'short'
### mwcceppc.exe Compiler:
#     776:         diff.y = cy - pos->y;  
#   Error:         ^^^^
#   (10140) undefined identifier 'diff'
### mwcceppc.exe Compiler:
#     776:         diff.y = cy - pos->y;  
#   Error:             ^
#   (10563) identifier 'diff' redeclared as 'int'
### mwcceppc.exe Compiler:
#     479:     s16 diff = rot - m_c0;  
#   Error:              ^
#   (10564) identifier 'diff' was originally declared as 'short'
### mwcceppc.exe Compiler:
#     777:         diff.z = -pos->z;  
#   Error:         ^^^^
#   (10140) undefined identifier 'diff'
### mwcceppc.exe Compiler:
#     777:         diff.z = -pos->z;  
#   Error:             ^
#   (10563) identifier 'diff' redeclared as 'int'
### mwcceppc.exe Compiler:
#     479:     s16 diff = rot - m_c0;  
#   Error:              ^
#   (10564) identifier 'diff' was originally declared as 'short'
### mwcceppc.exe Compiler:
#     779:         f32 mag = PSVECMag(&diff);  
#   Error:                                 ^
#   (10248) function call 'PSVECMag(short *)' does not match
#   'PSVECMag(const Vec *)'
### mwcceppc.exe Compiler:
#     780:         if (mag <= mRadius) {  
#   Error:         ^^
#   (10121) declaration syntax error
### mwcceppc.exe Compiler:
#     783:         return false;  
#   Error:         ^^^^^^
#   (10121) declaration syntax error
### mwcceppc.exe Compiler:
#     784:     }  
#   Error:     ^
#   (10121) declaration syntax error
### mwcceppc.exe Compiler:
#     787:     short rot = *mRotation;  
#   Error:               ^
#   (10329) data object 'rot' redefined
### mwcceppc.exe Compiler:
#     788:     if (rot == 0) {  
#   Error:     ^^
#   (10121) declaration syntax error
### mwcceppc.exe Compiler:
#     797:     f32 centerX = f1 + mScratch[0].x;  
#   Error:                                ^
#   (10114) '(' expected
### mwcceppc.exe Compiler:
#     798:     f32 centerY = mScratch[0].y;  
#   Error:                           ^
#   (10114) '(' expected
### mwcceppc.exe Compiler:
#     801:     rotMtx.ZrotS(mAng(-rot));  
#   Error:     ^^^^^^
#   (10140) undefined identifier 'rotMtx'
### mwcceppc.exe Compiler:
#     801:     rotMtx.ZrotS(mAng(-rot));  
#   Error:           ^
#   (10563) identifier 'rotMtx' redeclared as 'int'
### mwcceppc.exe Compiler:
#     800:     mMtx_c rotMtx;  
#   Error:                  ^
#   (10564) identifier 'rotMtx' was originally declared as 'mMtx_c'
### mwcceppc.exe Compiler:
#     804:     PSMTXTrans(transMtx, pos->x - centerX, pos->y - centerY, pos->z);  
#   Error:     ^^^^^^^^^^
#   (10140) undefined identifier 'PSMTXTrans'
### mwcceppc.exe Compiler:
#     804:     PSMTXTrans(transMtx, pos->x - centerX, pos->y - centerY, pos->z);  
#   Error:               ^
#   (10563) identifier 'PSMTXTrans(float (*)[4], float, float, float)' 
#   redeclared as 'int'
### mwcceppc.exe Compiler:
#      In: include\lib\revolution\MTX\mtx.h
# -----------------------------------------
#      21: void PSMTXTrans(Mtx, f32, f32, f32); 
#   Error:                                    ^
#   (10564) identifier 'PSMTXTrans(float (*)[4], float, float, float)' was 
#   originally declared as 'extern "C" void (float (*)[4], float, float, 
#   float)'
### mwcceppc.exe Compiler:
#    File: scratch\round30\d_bg_ctr\calc_both.cpp
# -----------------------------------------------
#     806:     PSMTXConcat(rotMtx, transMtx, rotMtx);  
#   Error:     ^^^^^^^^^^^
#   (10140) undefined identifier 'PSMTXConcat'
### mwcceppc.exe Compiler:
#     806:     PSMTXConcat(rotMtx, transMtx, rotMtx);  
#   Error:                ^
#   (10563) identifier 'PSMTXConcat(const float (*)[4], const float (*)[4], 
#   float (*)[4])' redeclared as 'int'
### mwcceppc.exe Compiler:
#      In: include\lib\revolution\MTX\mtx.h
# -----------------------------------------
#      13: void PSMTXConcat(const Mtx, const Mtx, Mtx); 
#   Error:                                            ^
#   (10564) identifier 'PSMTXConcat(const float (*)[4], const float (*)[4], 
#   float (*)[4])' was originally declared as 'extern "C" void (const float 
#   (*)[4], const float (*)[4], float (*)[4])'
### mwcceppc.exe Compiler:
#    File: scratch\round30\d_bg_ctr\calc_both.cpp
# -----------------------------------------------
#     809:     rotMtx.multVecZero(result);  
#   Error:     ^^^^^^
#   (10140) undefined identifier 'rotMtx'
### mwcceppc.exe Compiler:
#     809:     rotMtx.multVecZero(result);  
#   Error:           ^
#   (10563) identifier 'rotMtx' redeclared as 'int'
### mwcceppc.exe Compiler:
#     800:     mMtx_c rotMtx;  
#   Error:                  ^
#   (10564) identifier 'rotMtx' was originally declared as 'mMtx_c'
### mwcceppc.exe Compiler:
#     811:     if (result.x < 0.0f) return false;  
#   Error:     ^^
#   (10121) declaration syntax error
### mwcceppc.exe Compiler:
#     812:     if (result.x > mOffset2.x - mCenter.x) return false;  
#   Error:     ^^
#   (10121) declaration syntax error
### mwcceppc.exe Compiler:
#     813:     if (result.y > 0.0f) return false;  
#   Error:     ^^
#   (10121) declaration syntax error
### mwcceppc.exe Compiler:
#     814:     if (result.y < mOffset2.y - mCenter.y) return false;  
#   Error:     ^^
#   (10121) declaration syntax error
### mwcceppc.exe Compiler:
#     816:     return true;  
#   Error:     ^^^^^^
#   (10121) declaration syntax error
### mwcceppc.exe Compiler:
#     817: }  
#   Error: ^
#   (10121) declaration syntax error
### mwcceppc.exe Compiler:
#     821: int dBg_ctr_c::checkRevisionState(ulong flags) {  
#   Error:     ^^^^^^^^^
#   (10121) declaration syntax error

Errors caused tool to abort.
