=== d_basesNP ===
units checked 28; no compiled obj 0; no retail split 0
functions: 123/179 content-matched (verify_anon-style)
BL: 282 checked, 30 mismatched
  BL MISMATCH: d_basesNP/bases/d_a_wm_antlion.cpp  retail-fn fn_2_15AE00 <- draft create__13daWmAntlion_cFv  instr 5  retail calls 'fn_2_15AF50'  draft calls 'createModel__13daWmAntlion_cFv'
  BL MISMATCH: d_basesNP/bases/d_a_wm_ghost.cpp  retail-fn fn_2_163800 <- draft create__11daWmGhost_cFv  instr 5  retail calls 'fn_2_163940'  draft calls 'createModel__11daWmGhost_cFv'
  BL MISMATCH: d_basesNP/bases/d_a_wm_ghost.cpp  retail-fn fn_2_163800 <- draft create__11daWmGhost_cFv  instr 7  retail calls 'fn_2_163B30'  draft calls 'initState__11daWmGhost_cFv'
  BL MISMATCH: d_basesNP/bases/d_a_wm_ghost.cpp  retail-fn fn_2_163800 <- draft create__11daWmGhost_cFv  instr 9  retail calls 'fn_2_163A80'  draft calls 'calcModel__11daWmGhost_cFv'
  BL MISMATCH: d_basesNP/bases/d_a_wm_ghost.cpp  retail-fn fn_2_163870 <- draft execute__11daWmGhost_cFv  instr 28  retail calls 'fn_2_163A80'  draft calls 'calcModel__11daWmGhost_cFv'
  BL MISMATCH: d_basesNP/bases/d_a_wm_kinoko_base.cpp  retail-fn fn_2_16B470 <- draft create__16daWmKinokoBase_cFv  instr 5  retail calls 'fn_2_16B620'  draft calls 'createModel__16daWmKinokoBase_cFv'
  BL MISMATCH: d_basesNP/bases/d_a_wm_kinoko_base.cpp  retail-fn fn_2_16B470 <- draft create__16daWmKinokoBase_cFv  instr 16  retail calls 'fn_2_16B970'  draft calls 'mode_exec__16daWmKinokoBase_cFv'
  BL MISMATCH: d_basesNP/bases/d_a_wm_kinoko_base.cpp  retail-fn fn_2_16B470 <- draft create__16daWmKinokoBase_cFv  instr 18  retail calls 'fn_2_16B8C0'  draft calls 'calcModel__16daWmKinokoBase_cFv'
  BL MISMATCH: d_basesNP/bases/d_a_wm_kinoko_base.cpp  retail-fn fn_2_16B4E0 <- draft execute__16daWmKinokoBase_cFv  instr 50  retail calls 'fn_2_16B8C0'  draft calls 'calcModel__16daWmKinokoBase_cFv'
  BL MISMATCH: d_basesNP/bases/d_a_wm_kinoko_base.cpp  retail-fn fn_2_16BDA0 <- draft daWmKinokoBase_c_classInit__Fv  instr 7  retail calls 'fn_2_16BDD0'  draft calls '__ct__16daWmKinokoBase_cFv'
  BL MISMATCH: d_basesNP/bases/d_a_wm_kinoko_base.cpp  retail-fn fn_2_16BE10 <- draft __dt__Q23m3d8anmChr_cFv  instr 10  retail calls 'fn_2_16B3B0'  draft calls '__dt__Q23m3d6fanm_cFv'
  BL MISMATCH: d_basesNP/bases/d_a_wm_kinoko_base.cpp  retail-fn fn_2_16BE10 <- draft __dt__Q23m3d8anmChr_cFv  instr 14  retail calls '__dl__7fBase_cFPv'  draft calls '__dl__FPv'
  BL MISMATCH: d_basesNP/bases/d_a_wm_kinoko_red.cpp  retail-fn fn_2_16BFF0 <- draft __dt__15daWmKinokoRed_cFv  instr 10  retail calls 'fn_2_16B3B0'  draft calls '__dt__16daWmKinokoBase_cFv'
  BL MISMATCH: d_basesNP/bases/d_a_wm_note.cpp  retail-fn fn_2_1760B0 <- draft create__10daWmNote_cFv  instr 5  retail calls 'fn_2_1761C0'  draft calls 'createModel__10daWmNote_cFv'
  BL MISMATCH: d_basesNP/bases/d_a_wm_note.cpp  retail-fn fn_2_1760B0 <- draft create__10daWmNote_cFv  instr 7  retail calls 'fn_2_176270'  draft calls 'initClip__10daWmNote_cFv'
  BL MISMATCH: d_basesNP/bases/d_a_wm_note.cpp  retail-fn fn_2_1760F0 <- draft execute__10daWmNote_cFv  instr 23  retail calls 'fn_2_1762A0'  draft calls 'calcModel__10daWmNote_cFv'
  BL MISMATCH: d_basesNP/bases/d_a_wm_note.cpp  retail-fn fn_2_176350 <- draft processCutsceneCommand__10daWmNote_cFib  instr 42  retail calls 'fn_2_172AE0'  draft calls 'R_2_1_172AE0'
  BL MISMATCH: d_basesNP/bases/d_a_wm_sinkship.cpp  retail-fn fn_2_1794B0 <- draft create__14daWmSinkShip_cFv  instr 5  retail calls 'fn_2_1795D0'  draft calls 'createModel__14daWmSinkShip_cFv'
  BL MISMATCH: d_basesNP/bases/d_a_wm_sinkship.cpp  retail-fn fn_2_1794B0 <- draft create__14daWmSinkShip_cFv  instr 16  retail calls 'fn_2_179680'  draft calls 'calcModel__14daWmSinkShip_cFv'
  BL MISMATCH: d_basesNP/bases/d_a_wm_sinkship.cpp  retail-fn fn_2_179510 <- draft execute__14daWmSinkShip_cFv  instr 23  retail calls 'fn_2_179680'  draft calls 'calcModel__14daWmSinkShip_cFv'
  BL MISMATCH: d_basesNP/bases/d_a_wm_smallcloud.cpp  retail-fn fn_2_179980 <- draft create__16daWmSmallCloud_cFv  instr 42  retail calls 'fn_2_179BB0'  draft calls 'createModel__16daWmSmallCloud_cFv'
  BL MISMATCH: d_basesNP/bases/d_a_wm_smallcloud.cpp  retail-fn fn_2_179980 <- draft create__16daWmSmallCloud_cFv  instr 53  retail calls 'fn_2_179D50'  draft calls 'calcModel__16daWmSmallCloud_cFv'
  BL MISMATCH: d_basesNP/bases/d_a_wm_smallcloud.cpp  retail-fn fn_2_179980 <- draft create__16daWmSmallCloud_cFv  instr 55  retail calls 'fn_2_179E00'  draft calls 'initState__16daWmSmallCloud_cFv'
  BL MISMATCH: d_basesNP/bases/d_a_wm_smallcloud.cpp  retail-fn fn_2_179A80 <- draft execute__16daWmSmallCloud_cFv  instr 44  retail calls 'fn_2_179F10'  draft calls 'setPosFromCourseNode__16daWmSmallCloud_cFv'
  BL MISMATCH: d_basesNP/bases/d_a_wm_smallcloud.cpp  retail-fn fn_2_179A80 <- draft execute__16daWmSmallCloud_cFv  instr 51  retail calls 'fn_2_179D50'  draft calls 'calcModel__16daWmSmallCloud_cFv'
  BL MISMATCH: d_basesNP/bases/d_a_wm_smallcloud.cpp  retail-fn fn_2_179E00 <- draft initState__16daWmSmallCloud_cFv  instr 14  retail calls 'fn_2_179F10'  draft calls 'setPosFromCourseNode__16daWmSmallCloud_cFv'
  BL MISMATCH: d_basesNP/bases/d_a_wm_smallcloud.cpp  retail-fn fn_2_179E00 <- draft initState__16daWmSmallCloud_cFv  instr 16  retail calls 'fn_2_179EA0'  draft calls 'init_exec__16daWmSmallCloud_cFv'
  BL MISMATCH: d_basesNP/bases/d_a_wm_tower.cpp  retail-fn fn_2_185840 <- draft create__11daWmTower_cFv  instr 5  retail calls 'fn_2_185960'  draft calls 'createModel__11daWmTower_cFv'
  BL MISMATCH: d_basesNP/bases/d_a_wm_tower.cpp  retail-fn fn_2_185840 <- draft create__11daWmTower_cFv  instr 7  retail calls 'fn_2_185A10'  draft calls 'calcModel__11daWmTower_cFv'
  BL MISMATCH: d_basesNP/bases/d_a_wm_tower.cpp  retail-fn fn_2_1858A0 <- draft execute__11daWmTower_cFv  instr 23  retail calls 'fn_2_185A10'  draft calls 'calcModel__11daWmTower_cFv'

=== d_enemiesNP ===
units checked 4; no compiled obj 0; no retail split 0
functions: 0/10 content-matched (verify_anon-style)
BL: 0 checked, 0 mismatched

=== d_profileNP ===
units checked 0; no compiled obj 0; no retail split 5
functions: 0/0 content-matched (verify_anon-style)
BL: 0 checked, 0 mismatched

=== d_en_bossNP ===
units checked 1; no compiled obj 0; no retail split 0
functions: 0/4 content-matched (verify_anon-style)
BL: 0 checked, 0 mismatched

